I'm sorry, but errors were detected in your script. Please correct the
errors listed below, and try again.


File "game/script.rpy", line 243: expected an indented block
            if finished_pieces == page_pieces:

File "game/script.rpy", line 264: expected an indented block
            if finished_pieces == page_pieces:

Ren'Py Version: Ren'Py 8.1.3.23091805
Tue Jun 11 22:20:56 2024
